Listing 'custom_components/meraki_ha'...
Compiling 'custom_components/meraki_ha/__init__.py'...
Listing 'custom_components/meraki_ha/api'...
Compiling 'custom_components/meraki_ha/api/commands_network.py'...
***   File "custom_components/meraki_ha/api/commands_network.py", line 12
    from custom_components.meraki_ha.const.integration import from custom_components.meraki_ha.const.websocket import WS_CMD_GET_NETWORK_EVENTS, WS_CMD_TIMED_ACCESS_GET_POLICIES
                                                              ^^^^
SyntaxError: invalid syntax

Compiling 'custom_components/meraki_ha/api/utils.py'...
***   File "custom_components/meraki_ha/api/utils.py", line 10
    from custom_components.meraki_ha.const.integration import DOMAIN, _LOGGER= logging.getLogger(__name__)
                                                                             ^
SyntaxError: invalid syntax

Listing 'custom_components/meraki_ha/binary_sensor'...
Listing 'custom_components/meraki_ha/binary_sensor/device'...
Listing 'custom_components/meraki_ha/blueprints'...
Listing 'custom_components/meraki_ha/blueprints/automation'...
Listing 'custom_components/meraki_ha/blueprints/automation/meraki'...
Listing 'custom_components/meraki_ha/button'...
Listing 'custom_components/meraki_ha/button/device'...
Listing 'custom_components/meraki_ha/const'...
Listing 'custom_components/meraki_ha/coordinators'...
Listing 'custom_components/meraki_ha/core'...
Listing 'custom_components/meraki_ha/core/api'...
Listing 'custom_components/meraki_ha/core/api/endpoints'...
Listing 'custom_components/meraki_ha/core/api/endpoints/appliance'...
Listing 'custom_components/meraki_ha/core/coordinator_helpers'...
Compiling 'custom_components/meraki_ha/core/coordinator_helpers/config_helper.py'...
***   File "custom_components/meraki_ha/core/coordinator_helpers/config_helper.py", line 11
    (,
    ^
SyntaxError: invalid syntax

Compiling 'custom_components/meraki_ha/core/coordinator_helpers/data_fetcher.py'...
*** Sorry: IndentationError: unindent does not match any outer indentation level (data_fetcher.py, line 197)
Listing 'custom_components/meraki_ha/core/entities'...
Listing 'custom_components/meraki_ha/core/fetch_strategies'...
Listing 'custom_components/meraki_ha/core/helpers'...
Compiling 'custom_components/meraki_ha/core/helpers/device_registry.py'...
***   File "custom_components/meraki_ha/core/helpers/device_registry.py", line 10
    from custom_components.meraki_ha.const.integration import DOMAIN, _LOGGER= logging.getLogger(__name__)
                                                                             ^
SyntaxError: invalid syntax

Listing 'custom_components/meraki_ha/core/models'...
Listing 'custom_components/meraki_ha/core/parsers'...
Listing 'custom_components/meraki_ha/core/repositories'...
Listing 'custom_components/meraki_ha/core/utils'...
Compiling 'custom_components/meraki_ha/core/utils/_data.py'...
***   File "custom_components/meraki_ha/core/utils/_data.py", line 7
    (,
    ^
SyntaxError: invalid syntax

Listing 'custom_components/meraki_ha/core/utils/api'...
Compiling 'custom_components/meraki_ha/core/utils/device_types.py'...
***   File "custom_components/meraki_ha/core/utils/device_types.py", line 9
    (,
    ^
SyntaxError: invalid syntax

Listing 'custom_components/meraki_ha/discovery'...
Listing 'custom_components/meraki_ha/discovery/handlers'...
Compiling 'custom_components/meraki_ha/discovery/handlers/network.py'...
***   File "custom_components/meraki_ha/discovery/handlers/network.py", line 11
    (,
    ^
SyntaxError: invalid syntax

Compiling 'custom_components/meraki_ha/discovery/handlers/universal.py'...
***   File "custom_components/meraki_ha/discovery/handlers/universal.py", line 12
    (,
    ^
SyntaxError: invalid syntax

Compiling 'custom_components/meraki_ha/discovery/handlers/wireless.py'...
***   File "custom_components/meraki_ha/discovery/handlers/wireless.py", line 15
    (,
    ^
SyntaxError: invalid syntax

Listing 'custom_components/meraki_ha/discovery/providers'...
Compiling 'custom_components/meraki_ha/discovery/service.py'...
***   File "custom_components/meraki_ha/discovery/service.py", line 14
    from custom_components.meraki_ha.const.integration import (, CONF_ENABLE_NETWORK_SENSORS, )
                                                               ^
SyntaxError: invalid syntax

Listing 'custom_components/meraki_ha/event'...
Listing 'custom_components/meraki_ha/event/device'...
Listing 'custom_components/meraki_ha/helpers'...
Compiling 'custom_components/meraki_ha/helpers/schema.py'...
***   File "custom_components/meraki_ha/helpers/schema.py", line 11
    (,
    ^
SyntaxError: invalid syntax

Listing 'custom_components/meraki_ha/hubs'...
Listing 'custom_components/meraki_ha/media'...
Listing 'custom_components/meraki_ha/meraki_select'...
Compiling 'custom_components/meraki_ha/meraki_select/__init__.py'...
***   File "custom_components/meraki_ha/meraki_select/__init__.py", line 12
    from custom_components.meraki_ha.const.integration import DOMAIN, _LOGGER= logging.getLogger(__name__)
                                                                             ^
SyntaxError: invalid syntax

Listing 'custom_components/meraki_ha/number'...
Listing 'custom_components/meraki_ha/platforms'...
Listing 'custom_components/meraki_ha/platforms/sensor'...
Listing 'custom_components/meraki_ha/platforms/sensor/device'...
Listing 'custom_components/meraki_ha/platforms/sensor/network'...
Compiling 'custom_components/meraki_ha/schemas.py'...
***   File "custom_components/meraki_ha/schemas.py", line 9
    (,
    ^
SyntaxError: invalid syntax

Listing 'custom_components/meraki_ha/sensor'...
Listing 'custom_components/meraki_ha/sensor/client'...
Listing 'custom_components/meraki_ha/sensor/device'...
Listing 'custom_components/meraki_ha/sensor/network'...
Listing 'custom_components/meraki_ha/sensor/org'...
Listing 'custom_components/meraki_ha/sensor/ssid'...
Listing 'custom_components/meraki_ha/services'...
Compiling 'custom_components/meraki_ha/services/ipsk_manager.py'...
***   File "custom_components/meraki_ha/services/ipsk_manager.py", line 14
    from custom_components.meraki_ha.const.integration import from custom_components.meraki_ha.const.integration import DOMAIN
                                                              ^^^^
SyntaxError: invalid syntax

Listing 'custom_components/meraki_ha/switch'...
Listing 'custom_components/meraki_ha/switch/builders'...
Listing 'custom_components/meraki_ha/text'...
Listing 'custom_components/meraki_ha/translations'...
Listing 'custom_components/meraki_ha/www'...
Listing 'tests'...
Listing 'tests/api'...
Compiling 'tests/api/test_websocket.py'...
***   File "tests/api/test_websocket.py", line 14
    from custom_components.meraki_ha.const.integration import from custom_components.meraki_ha.const.integration import DOMAIN
                                                              ^^^^
SyntaxError: invalid syntax

Listing 'tests/binary_sensor'...
Listing 'tests/binary_sensor/device'...
Listing 'tests/button'...
Listing 'tests/button/device'...
Listing 'tests/camera'...
Listing 'tests/core'...
Listing 'tests/core/api'...
Listing 'tests/core/api/endpoints'...
Listing 'tests/core/coordinator_helpers'...
Listing 'tests/core/fetch_strategies'...
Listing 'tests/core/managers'...
Listing 'tests/core/parsers'...
Compiling 'tests/core/test_timed_access_manager.py'...
***   File "tests/core/test_timed_access_manager.py", line 10
    from custom_components.meraki_ha.const.integration import from custom_components.meraki_ha.const.integration import DOMAIN
                                                              ^^^^
SyntaxError: invalid syntax

Listing 'tests/core/utils'...
Listing 'tests/discovery'...
Listing 'tests/discovery/handlers'...
Compiling 'tests/discovery/handlers/test_network.py'...
***   File "tests/discovery/handlers/test_network.py", line 8
    (,
    ^
SyntaxError: invalid syntax

Listing 'tests/event'...
Listing 'tests/event/device'...
Listing 'tests/fixtures'...
Listing 'tests/helpers'...
Listing 'tests/hubs'...
Listing 'tests/meraki_select'...
Listing 'tests/scripts'...
Listing 'tests/sensor'...
Listing 'tests/sensor/client'...
Listing 'tests/sensor/device'...
Listing 'tests/sensor/network'...
Listing 'tests/services'...
Listing 'tests/switch'...
Compiling 'tests/test_e2e_ipsk.py'...
***   File "tests/test_e2e_ipsk.py", line 9
    from custom_components.meraki_ha.const.integration import from custom_components.meraki_ha.const.integration import DOMAIN
                                                              ^^^^
SyntaxError: invalid syntax

Compiling 'tests/test_ipsk_manager.py'...
***   File "tests/test_ipsk_manager.py", line 10
    from custom_components.meraki_ha.const.integration import from custom_components.meraki_ha.const.integration import DOMAIN
                                                              ^^^^
SyntaxError: invalid syntax

Listing 'tests/text'...
