warning: No `requires-python` value found in the workspace. Defaulting to `>=3.12`.
Traceback (most recent call last):
  File "/app/.venv/bin/pytest", line 10, in <module>
    sys.exit(console_main())
             ^^^^^^^^^^^^^^
  File "/app/.venv/lib/python3.12/site-packages/_pytest/config/__init__.py", line 185, in console_main
    code = main()
           ^^^^^^
  File "/app/.venv/lib/python3.12/site-packages/_pytest/config/__init__.py", line 143, in main
    config = _prepareconfig(args, plugins)
             ^^^^^^^^^^^^^^^^^^^^^^^^^^^^^
  File "/app/.venv/lib/python3.12/site-packages/_pytest/config/__init__.py", line 318, in _prepareconfig
    config = pluginmanager.hook.pytest_cmdline_parse(
             ^^^^^^^^^^^^^^^^^^^^^^^^^^^^^^^^^^^^^^^^
  File "/app/.venv/lib/python3.12/site-packages/pluggy/hooks.py", line 286, in __call__
    return self._hookexec(self, self.get_hookimpls(), kwargs)
           ^^^^^^^^^^^^^^^^^^^^^^^^^^^^^^^^^^^^^^^^^^^^^^^^^^
  File "/app/.venv/lib/python3.12/site-packages/pluggy/manager.py", line 93, in _hookexec
    return self._inner_hookexec(hook, methods, kwargs)
           ^^^^^^^^^^^^^^^^^^^^^^^^^^^^^^^^^^^^^^^^^^^
  File "/app/.venv/lib/python3.12/site-packages/pluggy/manager.py", line 84, in <lambda>
    self._inner_hookexec = lambda hook, methods, kwargs: hook.multicall(
                                                         ^^^^^^^^^^^^^^^
  File "/app/.venv/lib/python3.12/site-packages/pluggy/callers.py", line 203, in _multicall
    gen.send(outcome)
  File "/app/.venv/lib/python3.12/site-packages/_pytest/helpconfig.py", line 100, in pytest_cmdline_parse
    config: Config = outcome.get_result()
                     ^^^^^^^^^^^^^^^^^^^^
  File "/app/.venv/lib/python3.12/site-packages/pluggy/callers.py", line 80, in get_result
    raise ex[1].with_traceback(ex[2])
  File "/app/.venv/lib/python3.12/site-packages/pluggy/callers.py", line 187, in _multicall
    res = hook_impl.function(*args)
          ^^^^^^^^^^^^^^^^^^^^^^^^^
  File "/app/.venv/lib/python3.12/site-packages/_pytest/config/__init__.py", line 1003, in pytest_cmdline_parse
    self.parse(args)
  File "/app/.venv/lib/python3.12/site-packages/_pytest/config/__init__.py", line 1283, in parse
    self._preparse(args, addopts=addopts)
  File "/app/.venv/lib/python3.12/site-packages/_pytest/config/__init__.py", line 1172, in _preparse
    self.pluginmanager.load_setuptools_entrypoints("pytest11")
  File "/app/.venv/lib/python3.12/site-packages/pluggy/manager.py", line 299, in load_setuptools_entrypoints
    plugin = ep.load()
             ^^^^^^^^^
  File "/home/jules/.pyenv/versions/3.12.13/lib/python3.12/importlib/metadata/__init__.py", line 205, in load
    module = import_module(match.group('module'))
             ^^^^^^^^^^^^^^^^^^^^^^^^^^^^^^^^^^^^
  File "/home/jules/.pyenv/versions/3.12.13/lib/python3.12/importlib/__init__.py", line 90, in import_module
    return _bootstrap._gcd_import(name[level:], package, level)
           ^^^^^^^^^^^^^^^^^^^^^^^^^^^^^^^^^^^^^^^^^^^^^^^^^^^^
  File "<frozen importlib._bootstrap>", line 1387, in _gcd_import
  File "<frozen importlib._bootstrap>", line 1360, in _find_and_load
  File "<frozen importlib._bootstrap>", line 1331, in _find_and_load_unlocked
  File "<frozen importlib._bootstrap>", line 935, in _load_unlocked
  File "/app/.venv/lib/python3.12/site-packages/_pytest/assertion/rewrite.py", line 161, in exec_module
    source_stat, co = _rewrite_test(fn, self.config)
                      ^^^^^^^^^^^^^^^^^^^^^^^^^^^^^^
  File "/app/.venv/lib/python3.12/site-packages/_pytest/assertion/rewrite.py", line 356, in _rewrite_test
    co = compile(tree, fn_, "exec", dont_inherit=True)
         ^^^^^^^^^^^^^^^^^^^^^^^^^^^^^^^^^^^^^^^^^^^^^
TypeError: required field "lineno" missing from alias
